{"type":"server-started","port":53453,"host":"127.0.0.1","url_host":"localhost","url":"http://localhost:53453","screen_dir":"/Users/liza/Desktop/schedule-app/.superpowers/brainstorm/49239-1780920098/content","state_dir":"/Users/liza/Desktop/schedule-app/.superpowers/brainstorm/49239-1780920098/state"}
{"type":"screen-added","file":"/Users/liza/Desktop/schedule-app/.superpowers/brainstorm/49239-1780920098/content/weekly-layout.html"}
{"type":"screen-updated","file":"/Users/liza/Desktop/schedule-app/.superpowers/brainstorm/49239-1780920098/content/weekly-layout.html"}
{"type":"screen-updated","file":"/Users/liza/Desktop/schedule-app/.superpowers/brainstorm/49239-1780920098/content/weekly-layout.html"}
{"type":"screen-updated","file":"/Users/liza/Desktop/schedule-app/.superpowers/brainstorm/49239-1780920098/content/weekly-layout.html"}
{"type":"screen-updated","file":"/Users/liza/Desktop/schedule-app/.superpowers/brainstorm/49239-1780920098/content/weekly-layout.html"}
{"source":"user-event","type":"click","text":"ПОНЕДЕЛЬНИК\n            10:00 👶 Занятие\n            12:30 📝 Блог\n            17:00 👶 Занятие\n          \n          \n            ВТОРНИК\n            8:30 🐕 Прогулка\n            11:00 💪 Зал\n          \n        \n        ← свайп →\n      \n    \n    \n      Б — Карточки дней (свайп)\n      Один день — одна карточка. Свайп влево-вправо между днями. Идеально для телефона, на ноуте — горизонтальный скролл.","choice":"b","id":null,"timestamp":1780921113043}
{"source":"user-event","type":"click","text":"ПОНЕДЕЛЬНИК\n            10:00 👶 Занятие\n            12:30 📝 Блог\n            17:00 👶 Занятие\n          \n          \n            ВТОРНИК\n            8:30 🐕 Прогулка\n            11:00 💪 Зал\n          \n        \n        ← свайп →\n      \n    \n    \n      Б — Карточки дней (свайп)\n      Один день — одна карточка. Свайп влево-вправо между днями. Идеально для телефона, на ноуте — горизонтальный скролл.","choice":"b","id":null,"timestamp":1780921222123}
{"source":"user-event","type":"click","text":"ПОНЕДЕЛЬНИК\n            10:00 👶 Занятие\n            12:30 📝 Блог\n            17:00 👶 Занятие\n          \n          \n            ВТОРНИК\n            8:30 🐕 Прогулка\n            11:00 💪 Зал\n          \n        \n        ← свайп →\n      \n    \n    \n      Б — Карточки дней (свайп)\n      Один день — одна карточка. Свайп влево-вправо между днями. Идеально для телефона, на ноуте — горизонтальный скролл.","choice":"b","id":null,"timestamp":1780921226139}
{"source":"user-event","type":"click","text":"ПН\n          ВТ\n          СР\n          ЧТ\n          ПТ\n          СБ\n          ВС\n\n          8:00\n          🐕 Прогулка\n          🐕 Прогулка\n          🐕 Прогулка\n          🐕 Прогулка\n          🐕 Прогулка\n          🐕 Прогулка\n          🐕 Прогулка\n\n          10:00\n          👶 Занятие\n          💪 Зал\n          👶 Занятие\n          👶 Занятие\n          \n          📝 Блог\n          💪 Зал\n\n          14:00\n          📝 Блог\n          \n          📝 Блог\n          👤 Клиентка\n          💪 Зал\n          \n          \n\n          17:00\n          👶 Занятие\n          \n          👶 Занятие\n          \n          👶 Занятие\n          \n          \n        \n      \n    \n    \n      А — Сетка недели (Google Calendar стиль)\n      Все 7 дней видны сразу. Блоки по времени. Видно пустые слоты. Хорошо для ноута, на телефоне скролл влево-вправо.","choice":"a","id":null,"timestamp":1780921737612}
{"source":"user-event","type":"click","text":"ПН\n          ВТ\n          СР\n          ЧТ\n          ПТ\n          СБ\n          ВС\n\n          8:00\n          🐕 Прогулка\n          🐕 Прогулка\n          🐕 Прогулка\n          🐕 Прогулка\n          🐕 Прогулка\n          🐕 Прогулка\n          🐕 Прогулка\n\n          10:00\n          👶 Занятие\n          💪 Зал\n          👶 Занятие\n          👶 Занятие\n          \n          📝 Блог\n          💪 Зал\n\n          14:00\n          📝 Блог\n          \n          📝 Блог\n          👤 Клиентка\n          💪 Зал\n          \n          \n\n          17:00\n          👶 Занятие\n          \n          👶 Занятие\n          \n          👶 Занятие\n          \n          \n        \n      \n    \n    \n      А — Сетка недели (Google Calendar стиль)\n      Все 7 дней видны сразу. Блоки по времени. Видно пустые слоты. Хорошо для ноута, на телефоне скролл влево-вправо.","choice":"a","id":null,"timestamp":1780921741658}
{"type":"screen-added","file":"/Users/liza/Desktop/schedule-app/.superpowers/brainstorm/49239-1780920098/content/color-style.html"}
{"type":"screen-updated","file":"/Users/liza/Desktop/schedule-app/.superpowers/brainstorm/49239-1780920098/content/color-style.html"}
{"type":"screen-updated","file":"/Users/liza/Desktop/schedule-app/.superpowers/brainstorm/49239-1780920098/content/color-style.html"}
{"type":"screen-updated","file":"/Users/liza/Desktop/schedule-app/.superpowers/brainstorm/49239-1780920098/content/color-style.html"}
{"source":"user-event","type":"click","text":"Июнь 2026\n          Неделя\n        \n        \n          ПН\n          ВТ\n          СР\n          ЧТ\n          ПТ\n          СБ\n          ВС\n        \n        \n          👶 10:00 Занятие с ребёнком\n          🐕 Прогулка с Бобиком\n          💪 Зал\n        \n      \n    \n    \n      В — Чистый и яркий\n      Белый фон, тёплые оранжево-зелёные акценты. Свежо, энергично, похоже на Notion.","choice":"c","id":null,"timestamp":1780921815242}
{"type":"screen-added","file":"/Users/liza/Desktop/schedule-app/.superpowers/brainstorm/49239-1780920098/content/waiting.html"}
{"type":"screen-updated","file":"/Users/liza/Desktop/schedule-app/.superpowers/brainstorm/49239-1780920098/content/waiting.html"}
{"type":"screen-updated","file":"/Users/liza/Desktop/schedule-app/.superpowers/brainstorm/49239-1780920098/content/waiting.html"}
{"type":"screen-updated","file":"/Users/liza/Desktop/schedule-app/.superpowers/brainstorm/49239-1780920098/content/waiting.html"}
{"type":"screen-added","file":"/Users/liza/Desktop/schedule-app/.superpowers/brainstorm/49239-1780920098/content/weekly-mockup.html"}
{"type":"screen-updated","file":"/Users/liza/Desktop/schedule-app/.superpowers/brainstorm/49239-1780920098/content/weekly-mockup.html"}
{"type":"screen-updated","file":"/Users/liza/Desktop/schedule-app/.superpowers/brainstorm/49239-1780920098/content/weekly-mockup.html"}
{"type":"screen-updated","file":"/Users/liza/Desktop/schedule-app/.superpowers/brainstorm/49239-1780920098/content/weekly-mockup.html"}
{"type":"screen-added","file":"/Users/liza/Desktop/schedule-app/.superpowers/brainstorm/49239-1780920098/content/weekly-mockup-v2.html"}
{"type":"screen-updated","file":"/Users/liza/Desktop/schedule-app/.superpowers/brainstorm/49239-1780920098/content/weekly-mockup-v2.html"}
{"type":"screen-updated","file":"/Users/liza/Desktop/schedule-app/.superpowers/brainstorm/49239-1780920098/content/weekly-mockup-v2.html"}
{"type":"screen-updated","file":"/Users/liza/Desktop/schedule-app/.superpowers/brainstorm/49239-1780920098/content/weekly-mockup-v2.html"}
{"type":"screen-updated","file":"/Users/liza/Desktop/schedule-app/.superpowers/brainstorm/49239-1780920098/content/weekly-mockup-v2.html"}
{"type":"screen-added","file":"/Users/liza/Desktop/schedule-app/.superpowers/brainstorm/49239-1780920098/content/weekly-mockup-v3.html"}
{"type":"screen-updated","file":"/Users/liza/Desktop/schedule-app/.superpowers/brainstorm/49239-1780920098/content/weekly-mockup-v3.html"}
{"type":"screen-updated","file":"/Users/liza/Desktop/schedule-app/.superpowers/brainstorm/49239-1780920098/content/weekly-mockup-v3.html"}
{"type":"screen-updated","file":"/Users/liza/Desktop/schedule-app/.superpowers/brainstorm/49239-1780920098/content/weekly-mockup-v3.html"}
{"type":"screen-updated","file":"/Users/liza/Desktop/schedule-app/.superpowers/brainstorm/49239-1780920098/content/weekly-mockup-v3.html"}
{"type":"screen-added","file":"/Users/liza/Desktop/schedule-app/.superpowers/brainstorm/49239-1780920098/content/weekly-mockup-v4.html"}
{"type":"screen-updated","file":"/Users/liza/Desktop/schedule-app/.superpowers/brainstorm/49239-1780920098/content/weekly-mockup-v4.html"}
{"type":"screen-updated","file":"/Users/liza/Desktop/schedule-app/.superpowers/brainstorm/49239-1780920098/content/weekly-mockup-v4.html"}
{"type":"screen-updated","file":"/Users/liza/Desktop/schedule-app/.superpowers/brainstorm/49239-1780920098/content/weekly-mockup-v4.html"}
{"type":"screen-updated","file":"/Users/liza/Desktop/schedule-app/.superpowers/brainstorm/49239-1780920098/content/weekly-mockup-v4.html"}
{"type":"screen-added","file":"/Users/liza/Desktop/schedule-app/.superpowers/brainstorm/49239-1780920098/content/spec-doc.html"}
{"type":"screen-updated","file":"/Users/liza/Desktop/schedule-app/.superpowers/brainstorm/49239-1780920098/content/spec-doc.html"}
{"type":"screen-updated","file":"/Users/liza/Desktop/schedule-app/.superpowers/brainstorm/49239-1780920098/content/spec-doc.html"}
{"type":"screen-updated","file":"/Users/liza/Desktop/schedule-app/.superpowers/brainstorm/49239-1780920098/content/spec-doc.html"}
{"type":"screen-updated","file":"/Users/liza/Desktop/schedule-app/.superpowers/brainstorm/49239-1780920098/content/spec-doc.html"}
{"type":"server-stopped","reason":"idle timeout"}
